------------------------------------------------------------
Timing Analyzer Summary
------------------------------------------------------------

Type  : Slow 1100mV 85C Model Setup 'reset'
Slack : -3.307
TNS   : -3.307

Type  : Slow 1100mV 85C Model Setup 'clock'
Slack : -2.232
TNS   : -11.063

Type  : Slow 1100mV 85C Model Hold 'clock'
Slack : 0.299
TNS   : 0.000

Type  : Slow 1100mV 85C Model Hold 'reset'
Slack : 1.457
TNS   : 0.000

Type  : Slow 1100mV 85C Model Minimum Pulse Width 'clock'
Slack : -0.724
TNS   : -5.539

Type  : Slow 1100mV 85C Model Minimum Pulse Width 'reset'
Slack : 0.381
TNS   : 0.000

Type  : Slow 1100mV 0C Model Setup 'reset'
Slack : -3.558
TNS   : -3.558

Type  : Slow 1100mV 0C Model Setup 'clock'
Slack : -2.106
TNS   : -10.421

Type  : Slow 1100mV 0C Model Hold 'clock'
Slack : 0.285
TNS   : 0.000

Type  : Slow 1100mV 0C Model Hold 'reset'
Slack : 1.467
TNS   : 0.000

Type  : Slow 1100mV 0C Model Minimum Pulse Width 'clock'
Slack : -0.724
TNS   : -5.629

Type  : Slow 1100mV 0C Model Minimum Pulse Width 'reset'
Slack : 0.324
TNS   : 0.000

Type  : Fast 1100mV 85C Model Setup 'clock'
Slack : -1.369
TNS   : -6.792

Type  : Fast 1100mV 85C Model Setup 'reset'
Slack : -0.783
TNS   : -0.783

Type  : Fast 1100mV 85C Model Hold 'clock'
Slack : 0.135
TNS   : 0.000

Type  : Fast 1100mV 85C Model Hold 'reset'
Slack : 0.677
TNS   : 0.000

Type  : Fast 1100mV 85C Model Minimum Pulse Width 'clock'
Slack : -0.079
TNS   : -0.394

Type  : Fast 1100mV 85C Model Minimum Pulse Width 'reset'
Slack : 0.114
TNS   : 0.000

Type  : Fast 1100mV 0C Model Setup 'clock'
Slack : -1.199
TNS   : -5.949

Type  : Fast 1100mV 0C Model Setup 'reset'
Slack : -0.696
TNS   : -0.696

Type  : Fast 1100mV 0C Model Hold 'clock'
Slack : 0.123
TNS   : 0.000

Type  : Fast 1100mV 0C Model Hold 'reset'
Slack : 0.607
TNS   : 0.000

Type  : Fast 1100mV 0C Model Minimum Pulse Width 'clock'
Slack : -0.080
TNS   : -0.398

Type  : Fast 1100mV 0C Model Minimum Pulse Width 'reset'
Slack : 0.098
TNS   : 0.000

------------------------------------------------------------
